// Jest Snapshot v1, https://goo.gl/fbAQLP

exports[`<Cart /> renders and matches snapshot 1`] = `
<header>
  <Cart__CloseButton
    onClick={[Function]}
    title="close"
  >
    <button
      className="Cart__CloseButton-sc-1pxc21t-2 hQLjqE"
      onClick={[Function]}
      title="close"
    >
      Ã—
    </button>
  </Cart__CloseButton>
  <Cart__Supreme>
    <h3
      className="Cart__Supreme-sc-1pxc21t-1 ibMPAa"
    >
      Miss Coleman Berge
      's Cart
    </h3>
  </Cart__Supreme>
  <p>
    You Have 
    1
     Item
     in Your Cart
  </p>
</header>
`;
