// Jest Snapshot v1, https://goo.gl/fbAQLP

exports[`<Nav/> renders full nav when signed in 1`] = `
<div
  className="count CartCount__Dot-sc-1d760cr-0 fOUfXM"
>
  0
</div>
`;
