// Jest Snapshot v1, https://goo.gl/fbAQLP

exports[`<RemoveFromCart /> renders and matches snapshot 1`] = `
<button
  className="RemoveFromCart__BigButton-sc-3q5ke3-0 hKuDcb"
  disabled={false}
  onClick={[Function]}
  title="Delete Item"
>
  Ã—
</button>
`;
