// Jest Snapshot v1, https://goo.gl/fbAQLP

exports[`<RequestResetForm /> renders and matches snapshot 1`] = `
<form
  className="RequestResetForm__Form-sc-12kq0ag-0 eqXHoV"
  data-test="form"
  method="post"
  onSubmit={[Function]}
>
  <fieldset
    aria-busy={false}
    disabled={false}
  >
    <h2>
      Reset your Password
    </h2>
    <DisplayError
      error={Object {}}
    />
    <label
      htmlFor="email"
    >
      Email
    </label>
    <input
      name="email"
      onChange={[Function]}
      placeholder="Email"
      required={true}
      type="email"
      value=""
    />
    <button
      type="submit"
    >
      Request Reset!
    </button>
  </fieldset>
</form>
`;
