// Jest Snapshot v1, https://goo.gl/fbAQLP

exports[`<SignupForm /> renders and matches snapshot 1`] = `
<form
  className="SignupForm__Form-cn2ap0-0 xJdyd"
  method="post"
  onSubmit={[Function]}
>
  <fieldset
    aria-busy={false}
    disabled={false}
  >
    <h2>
      Sign Up for an Account
    </h2>
    <DisplayError
      error={Object {}}
    />
    <label
      htmlFor="email"
    >
      Email
    </label>
    <input
      name="email"
      onChange={[Function]}
      placeholder="Email"
      required={true}
      type="email"
      value=""
    />
    <label
      htmlFor="name"
    >
      Name
    </label>
    <input
      name="name"
      onChange={[Function]}
      placeholder="Name"
      required={true}
      type="text"
      value=""
    />
    <label
      htmlFor="password"
    >
      Password
    </label>
    <input
      name="password"
      onChange={[Function]}
      placeholder="Password"
      required={true}
      type="password"
      value=""
    />
    <label
      htmlFor="confirmPassword"
    >
      Confirm Password
    </label>
    <input
      name="confirmPassword"
      onChange={[Function]}
      placeholder="Confirm Password"
      required={true}
      type="password"
      value=""
    />
    <button
      type="submit"
    >
      Sign Up!
    </button>
  </fieldset>
</form>
`;
